\BOOKMARK [0][-]{chapter.1}{\376\377\000I\000n\000t\000r\000o\000d\000u\000\347\000\343\000o}{}% 1
\BOOKMARK [1][-]{section.1.1}{\376\377\000C\000o\000n\000t\000e\000x\000t\000u\000a\000l\000i\000z\000a\000\347\000\343\000o}{chapter.1}% 2
\BOOKMARK [1][-]{section.1.2}{\376\377\000P\000r\000o\000b\000l\000e\000m\000a\000\040\000i\000n\000v\000e\000s\000t\000i\000g\000a\000d\000o}{chapter.1}% 3
\BOOKMARK [1][-]{section.1.3}{\376\377\000M\000o\000t\000i\000v\000a\000\347\000\343\000o}{chapter.1}% 4
\BOOKMARK [1][-]{section.1.4}{\376\377\000O\000b\000j\000e\000t\000i\000v\000o\000s}{chapter.1}% 5
\BOOKMARK [1][-]{section.1.5}{\376\377\000J\000u\000s\000t\000i\000f\000i\000c\000a\000t\000i\000v\000a}{chapter.1}% 6
\BOOKMARK [1][-]{section.1.6}{\376\377\000Q\000u\000e\000s\000t\000\365\000e\000s\000\040\000d\000e\000\040\000P\000e\000s\000q\000u\000i\000s\000a\000\040\000p\000a\000r\000a\000\040\000o\000\040\000E\000s\000t\000u\000d\000o\000\040\000d\000e\000\040\000C\000a\000s\000o}{chapter.1}% 7
\BOOKMARK [1][-]{section.1.7}{\376\377\000D\000e\000l\000i\000m\000i\000t\000a\000\347\000\343\000o\000\040\000d\000o\000\040\000E\000s\000t\000u\000d\000o}{chapter.1}% 8
\BOOKMARK [1][-]{section.1.8}{\376\377\000E\000s\000t\000r\000u\000t\000u\000r\000a\000\040\000d\000o\000\040\000E\000s\000t\000u\000d\000o}{chapter.1}% 9
\BOOKMARK [0][-]{chapter.2}{\376\377\000F\000u\000n\000d\000a\000m\000e\000n\000t\000a\000\347\000\343\000o\000\040\000T\000e\000\363\000r\000i\000c\000a}{}% 10
\BOOKMARK [1][-]{section.2.1}{\376\377\000S\000e\000g\000u\000r\000a\000n\000\347\000a\000\040\000d\000a\000\040\000I\000n\000f\000o\000r\000m\000a\000\347\000\343\000o}{chapter.2}% 11
\BOOKMARK [1][-]{section.2.2}{\376\377\000T\000e\000s\000t\000e\000s\000\040\000d\000e\000\040\000P\000e\000n\000e\000t\000r\000a\000\347\000\343\000o\000\040\000\050\000P\000e\000n\000t\000e\000s\000t\000\051}{chapter.2}% 12
\BOOKMARK [1][-]{section.2.3}{\376\377\000V\000i\000r\000t\000u\000a\000l\000i\000z\000a\000\347\000\343\000o\000\040\000d\000e\000\040\000C\000o\000n\000t\000a\000i\000n\000e\000r\000s}{chapter.2}% 13
\BOOKMARK [1][-]{section.2.4}{\376\377\000F\000e\000r\000r\000a\000m\000e\000n\000t\000a\000s\000\040\000d\000e\000\040\000T\000e\000s\000t\000e\000s\000\040\000d\000e\000\040\000P\000e\000n\000e\000t\000r\000a\000\347\000\343\000o}{chapter.2}% 14
\BOOKMARK [2][-]{subsection.2.4.1}{\376\377\000N\000m\000a\000p}{section.2.4}% 15
\BOOKMARK [2][-]{subsection.2.4.2}{\376\377\000N\000u\000c\000l\000e\000i}{section.2.4}% 16
\BOOKMARK [2][-]{subsection.2.4.3}{\376\377\000N\000i\000k\000t\000o}{section.2.4}% 17
\BOOKMARK [2][-]{subsection.2.4.4}{\376\377\000G\000o\000b\000u\000s\000t\000e\000r\000\040\000e\000\040\000D\000i\000r\000s\000e\000a\000r\000c\000h}{section.2.4}% 18
\BOOKMARK [2][-]{subsection.2.4.5}{\376\377\000S\000Q\000L\000M\000a\000p\000\040\000e\000\040\000C\000o\000m\000m\000i\000x}{section.2.4}% 19
\BOOKMARK [2][-]{subsection.2.4.6}{\376\377\000M\000e\000t\000a\000s\000p\000l\000o\000i\000t}{section.2.4}% 20
\BOOKMARK [2][-]{subsection.2.4.7}{\376\377\000N\000e\000t\000c\000a\000t}{section.2.4}% 21
\BOOKMARK [2][-]{subsection.2.4.8}{\376\377\000C\000a\000i\000d\000o}{section.2.4}% 22
\BOOKMARK [1][-]{section.2.5}{\376\377\000I\000n\000t\000e\000r\000f\000a\000c\000e\000\040\000d\000e\000\040\000G\000r\000\341\000f\000i\000c\000a}{chapter.2}% 23
\BOOKMARK [1][-]{section.2.6}{\376\377\000M\000o\000d\000e\000l\000o\000s\000\040\000d\000e\000\040\000L\000i\000n\000g\000u\000a\000g\000e\000m\000\040\000d\000e\000\040\000G\000r\000a\000n\000d\000e\000\040\000E\000s\000c\000a\000l\000a\000\040\000\050\000L\000L\000M\000s\000\051\000\040\000n\000o\000\040\000a\000p\000o\000i\000o\000\040\000a\000o\000\040\000P\000e\000n\000t\000e\000s\000t}{chapter.2}% 24
\BOOKMARK [0][-]{chapter.3}{\376\377\000R\000e\000v\000i\000s\000\343\000o\000\040\000d\000a\000\040\000L\000i\000t\000e\000r\000a\000t\000u\000r\000a\000\040\000/\000\040\000T\000r\000a\000b\000a\000l\000h\000o\000s\000\040\000R\000e\000l\000a\000c\000i\000o\000n\000a\000d\000o\000s}{}% 25
\BOOKMARK [0][-]{chapter.4}{\376\377\000P\000r\000o\000p\000o\000s\000t\000a}{}% 26
\BOOKMARK [0][-]{chapter.5}{\376\377\000C\000o\000n\000c\000l\000u\000s\000\343\000o}{}% 27
\BOOKMARK [0][-]{chapter*.1}{\376\377\000R\000e\000f\000e\000r\000\352\000n\000c\000i\000a\000s}{}% 28
